2020-12-29 21:14:37 INFO  ApiObjectModel:36 - 从services/resources/api/department_api.yaml加载ApiObjectModel对象失败: com.fasterxml.jackson.databind.exc.UnrecognizedPropertyException: Unrecognized field "formalParam" (class com.imm.framework.services.ApiActionModel), not marked as ignorable (0 known properties: ])
 at [Source: (BufferedInputStream); line: 6, column: 19] (through reference chain: com.imm.framework.services.ApiObjectModel["actions"]->java.util.HashMap["createDepartment"]->com.imm.framework.services.ApiActionModel["formalParam"])
2020-12-29 21:14:37 INFO  ApiObjectModel:36 - 从services/resources/api/tokenhelper_api.yaml加载ApiObjectModel对象失败: com.fasterxml.jackson.databind.exc.UnrecognizedPropertyException: Unrecognized field "formalParam" (class com.imm.framework.services.ApiActionModel), not marked as ignorable (0 known properties: ])
 at [Source: (BufferedInputStream); line: 6, column: 20] (through reference chain: com.imm.framework.services.ApiObjectModel["actions"]->java.util.HashMap["getToken"]->com.imm.framework.services.ApiActionModel["formalParam"])
2020-12-29 21:17:30 INFO  ApiObjectModel:36 - 从services/resources/api/department_api.yaml加载ApiObjectModel对象失败: com.fasterxml.jackson.databind.exc.UnrecognizedPropertyException: Unrecognized field "formalParams" (class com.imm.framework.services.ApiActionModel), not marked as ignorable (0 known properties: ])
 at [Source: (BufferedInputStream); line: 6, column: 20] (through reference chain: com.imm.framework.services.ApiObjectModel["actions"]->java.util.HashMap["createDepartment"]->com.imm.framework.services.ApiActionModel["formalParams"])
2020-12-29 21:17:30 INFO  ApiObjectModel:36 - 从services/resources/api/tokenhelper_api.yaml加载ApiObjectModel对象失败: com.fasterxml.jackson.databind.exc.UnrecognizedPropertyException: Unrecognized field "formalParams" (class com.imm.framework.services.ApiActionModel), not marked as ignorable (0 known properties: ])
 at [Source: (BufferedInputStream); line: 6, column: 20] (through reference chain: com.imm.framework.services.ApiObjectModel["actions"]->java.util.HashMap["getToken"]->com.imm.framework.services.ApiActionModel["formalParams"])
2020-12-29 21:29:08 INFO  ApiObjectModel:36 - 从services/resources/api/department_api.yaml加载ApiObjectModel对象失败: com.fasterxml.jackson.databind.exc.UnrecognizedPropertyException: Unrecognized field "formalParams" (class com.imm.framework.services.ApiActionModel), not marked as ignorable (0 known properties: ])
 at [Source: (BufferedInputStream); line: 6, column: 20] (through reference chain: com.imm.framework.services.ApiObjectModel["actions"]->java.util.HashMap["createDepartment"]->com.imm.framework.services.ApiActionModel["formalParams"])
2020-12-29 21:29:08 INFO  ApiObjectModel:36 - 从services/resources/api/tokenhelper_api.yaml加载ApiObjectModel对象失败: com.fasterxml.jackson.databind.exc.UnrecognizedPropertyException: Unrecognized field "formalParams" (class com.imm.framework.services.ApiActionModel), not marked as ignorable (0 known properties: ])
 at [Source: (BufferedInputStream); line: 6, column: 20] (through reference chain: com.imm.framework.services.ApiObjectModel["actions"]->java.util.HashMap["getToken"]->com.imm.framework.services.ApiActionModel["formalParams"])
2020-12-29 21:30:53 INFO  ApiObjectModel:36 - 从services/resources/api/department_api.yaml加载ApiObjectModel对象失败: com.fasterxml.jackson.databind.exc.UnrecognizedPropertyException: Unrecognized field "formalParams" (class com.imm.framework.services.ApiActionModel), not marked as ignorable (0 known properties: ])
 at [Source: (BufferedInputStream); line: 6, column: 20] (through reference chain: com.imm.framework.services.ApiObjectModel["actions"]->java.util.HashMap["createDepartment"]->com.imm.framework.services.ApiActionModel["formalParams"])
2020-12-29 21:30:53 INFO  ApiObjectModel:36 - 从services/resources/api/tokenhelper_api.yaml加载ApiObjectModel对象失败: com.fasterxml.jackson.databind.exc.UnrecognizedPropertyException: Unrecognized field "formalParams" (class com.imm.framework.services.ApiActionModel), not marked as ignorable (0 known properties: ])
 at [Source: (BufferedInputStream); line: 6, column: 20] (through reference chain: com.imm.framework.services.ApiObjectModel["actions"]->java.util.HashMap["getToken"]->com.imm.framework.services.ApiActionModel["formalParams"])
2020-12-29 21:33:44 INFO  ApiObjectModel:36 - 从services/resources/api/department_api.yaml加载ApiObjectModel对象失败: com.fasterxml.jackson.databind.exc.UnrecognizedPropertyException: Unrecognized field "formalParams" (class com.imm.framework.services.ApiActionModel), not marked as ignorable (0 known properties: ])
 at [Source: (BufferedInputStream); line: 6, column: 20] (through reference chain: com.imm.framework.services.ApiObjectModel["actions"]->java.util.HashMap["createDepartment"]->com.imm.framework.services.ApiActionModel["formalParams"])
2020-12-29 21:33:44 INFO  ApiObjectModel:36 - 从services/resources/api/tokenhelper_api.yaml加载ApiObjectModel对象失败: com.fasterxml.jackson.databind.exc.UnrecognizedPropertyException: Unrecognized field "formalParams" (class com.imm.framework.services.ApiActionModel), not marked as ignorable (0 known properties: ])
 at [Source: (BufferedInputStream); line: 6, column: 20] (through reference chain: com.imm.framework.services.ApiObjectModel["actions"]->java.util.HashMap["getToken"]->com.imm.framework.services.ApiActionModel["formalParams"])
2020-12-29 21:37:45 INFO  ApiObjectModel:36 - 从services/resources/api/department_api.yaml加载ApiObjectModel对象失败: com.fasterxml.jackson.databind.exc.UnrecognizedPropertyException: Unrecognized field "formalParams" (class com.imm.framework.services.ApiActionModel), not marked as ignorable (0 known properties: ])
 at [Source: (BufferedInputStream); line: 6, column: 20] (through reference chain: com.imm.framework.services.ApiObjectModel["actions"]->java.util.HashMap["createDepartment"]->com.imm.framework.services.ApiActionModel["formalParams"])
2020-12-29 21:37:45 INFO  ApiObjectModel:36 - 从services/resources/api/tokenhelper_api.yaml加载ApiObjectModel对象失败: com.fasterxml.jackson.databind.exc.UnrecognizedPropertyException: Unrecognized field "formalParams" (class com.imm.framework.services.ApiActionModel), not marked as ignorable (0 known properties: ])
 at [Source: (BufferedInputStream); line: 6, column: 20] (through reference chain: com.imm.framework.services.ApiObjectModel["actions"]->java.util.HashMap["getToken"]->com.imm.framework.services.ApiActionModel["formalParams"])
2020-12-29 21:39:07 INFO  ApiObjectModel:36 - 从services/resources/api/department_api.yaml加载ApiObjectModel对象失败: com.fasterxml.jackson.databind.exc.UnrecognizedPropertyException: Unrecognized field "formalParams" (class com.imm.framework.services.ApiActionModel), not marked as ignorable (0 known properties: ])
 at [Source: (BufferedInputStream); line: 6, column: 20] (through reference chain: com.imm.framework.services.ApiObjectModel["actions"]->java.util.HashMap["createDepartment"]->com.imm.framework.services.ApiActionModel["formalParams"])
2020-12-29 21:39:07 INFO  ApiObjectModel:36 - 从services/resources/api/tokenhelper_api.yaml加载ApiObjectModel对象失败: com.fasterxml.jackson.databind.exc.UnrecognizedPropertyException: Unrecognized field "formalParams" (class com.imm.framework.services.ApiActionModel), not marked as ignorable (0 known properties: ])
 at [Source: (BufferedInputStream); line: 6, column: 20] (through reference chain: com.imm.framework.services.ApiObjectModel["actions"]->java.util.HashMap["getToken"]->com.imm.framework.services.ApiActionModel["formalParams"])
2020-12-29 21:47:16 INFO  ApiObjectModel:36 - 从services/resources/api/department_api.yaml加载ApiObjectModel对象失败: com.fasterxml.jackson.databind.exc.UnrecognizedPropertyException: Unrecognized field "formalParams" (class com.imm.framework.services.ApiActionModel), not marked as ignorable (0 known properties: ])
 at [Source: (BufferedInputStream); line: 6, column: 20] (through reference chain: com.imm.framework.services.ApiObjectModel["actions"]->java.util.HashMap["createDepartment"]->com.imm.framework.services.ApiActionModel["formalParams"])
2020-12-29 21:47:16 INFO  ApiObjectModel:36 - 从services/resources/api/tokenhelper_api.yaml加载ApiObjectModel对象失败: com.fasterxml.jackson.databind.exc.UnrecognizedPropertyException: Unrecognized field "formalParams" (class com.imm.framework.services.ApiActionModel), not marked as ignorable (0 known properties: ])
 at [Source: (BufferedInputStream); line: 6, column: 20] (through reference chain: com.imm.framework.services.ApiObjectModel["actions"]->java.util.HashMap["getToken"]->com.imm.framework.services.ApiActionModel["formalParams"])
2020-12-29 21:49:36 INFO  ApiObjectModel:36 - 从services/resources/api/department_api.yaml加载ApiObjectModel对象失败: com.fasterxml.jackson.databind.exc.UnrecognizedPropertyException: Unrecognized field "formalParams" (class com.imm.framework.services.ApiActionModel), not marked as ignorable (0 known properties: ])
 at [Source: (BufferedInputStream); line: 6, column: 20] (through reference chain: com.imm.framework.services.ApiObjectModel["actions"]->java.util.HashMap["createDepartment"]->com.imm.framework.services.ApiActionModel["formalParams"])
2020-12-29 21:49:36 INFO  ApiObjectModel:36 - 从services/resources/api/tokenhelper_api.yaml加载ApiObjectModel对象失败: com.fasterxml.jackson.databind.exc.UnrecognizedPropertyException: Unrecognized field "formalParams" (class com.imm.framework.services.ApiActionModel), not marked as ignorable (0 known properties: ])
 at [Source: (BufferedInputStream); line: 6, column: 20] (through reference chain: com.imm.framework.services.ApiObjectModel["actions"]->java.util.HashMap["getToken"]->com.imm.framework.services.ApiActionModel["formalParams"])
2020-12-29 21:50:13 INFO  ApiObjectModel:36 - 从services/resources/api/department_api.yaml加载ApiObjectModel对象失败: com.fasterxml.jackson.databind.exc.UnrecognizedPropertyException: Unrecognized field "formalParams" (class com.imm.framework.services.ApiActionModel), not marked as ignorable (0 known properties: ])
 at [Source: (BufferedInputStream); line: 6, column: 20] (through reference chain: com.imm.framework.services.ApiObjectModel["actions"]->java.util.HashMap["createDepartment"]->com.imm.framework.services.ApiActionModel["formalParams"])
2020-12-29 21:50:13 INFO  ApiObjectModel:36 - 从services/resources/api/tokenhelper_api.yaml加载ApiObjectModel对象失败: com.fasterxml.jackson.databind.exc.UnrecognizedPropertyException: Unrecognized field "formalParams" (class com.imm.framework.services.ApiActionModel), not marked as ignorable (0 known properties: ])
 at [Source: (BufferedInputStream); line: 6, column: 20] (through reference chain: com.imm.framework.services.ApiObjectModel["actions"]->java.util.HashMap["getToken"]->com.imm.framework.services.ApiActionModel["formalParams"])
2020-12-29 21:55:01 INFO  ApiObjectModel:36 - 从services/resources/api/department_api.yaml加载ApiObjectModel对象失败: com.fasterxml.jackson.databind.exc.UnrecognizedPropertyException: Unrecognized field "formalParams" (class com.imm.framework.services.ApiActionModel), not marked as ignorable (0 known properties: ])
 at [Source: (BufferedInputStream); line: 6, column: 20] (through reference chain: com.imm.framework.services.ApiObjectModel["actions"]->java.util.HashMap["createDepartment"]->com.imm.framework.services.ApiActionModel["formalParams"])
2020-12-29 21:55:01 INFO  ApiObjectModel:36 - 从services/resources/api/tokenhelper_api.yaml加载ApiObjectModel对象失败: com.fasterxml.jackson.databind.exc.UnrecognizedPropertyException: Unrecognized field "formalParams" (class com.imm.framework.services.ApiActionModel), not marked as ignorable (0 known properties: ])
 at [Source: (BufferedInputStream); line: 6, column: 20] (through reference chain: com.imm.framework.services.ApiObjectModel["actions"]->java.util.HashMap["getToken"]->com.imm.framework.services.ApiActionModel["formalParams"])
2020-12-29 21:57:02 INFO  ApiObjectModel:36 - 从services/resources/api/department_api.yaml加载ApiObjectModel对象失败: com.fasterxml.jackson.databind.exc.UnrecognizedPropertyException: Unrecognized field "formalParams" (class com.imm.framework.services.ApiActionModel), not marked as ignorable (0 known properties: ])
 at [Source: (BufferedInputStream); line: 6, column: 20] (through reference chain: com.imm.framework.services.ApiObjectModel["actions"]->java.util.HashMap["createDepartment"]->com.imm.framework.services.ApiActionModel["formalParams"])
2020-12-29 21:57:02 INFO  ApiObjectModel:36 - 从services/resources/api/tokenhelper_api.yaml加载ApiObjectModel对象失败: com.fasterxml.jackson.databind.exc.UnrecognizedPropertyException: Unrecognized field "formalParams" (class com.imm.framework.services.ApiActionModel), not marked as ignorable (0 known properties: ])
 at [Source: (BufferedInputStream); line: 6, column: 20] (through reference chain: com.imm.framework.services.ApiObjectModel["actions"]->java.util.HashMap["getToken"]->com.imm.framework.services.ApiActionModel["formalParams"])
2020-12-29 21:59:36 INFO  ApiObjectModel:36 - 从services/resources/api/department_api.yaml加载ApiObjectModel对象失败: com.fasterxml.jackson.databind.exc.UnrecognizedPropertyException: Unrecognized field "formalParams" (class com.imm.framework.services.ApiActionModel), not marked as ignorable (0 known properties: ])
 at [Source: (BufferedInputStream); line: 6, column: 20] (through reference chain: com.imm.framework.services.ApiObjectModel["actions"]->java.util.HashMap["createDepartment"]->com.imm.framework.services.ApiActionModel["formalParams"])
2020-12-29 22:00:42 INFO  ApiObjectModel:36 - 从services/resources/api/tokenhelper_api.yaml加载ApiObjectModel对象失败: com.fasterxml.jackson.databind.exc.UnrecognizedPropertyException: Unrecognized field "formalParams" (class com.imm.framework.services.ApiActionModel), not marked as ignorable (0 known properties: ])
 at [Source: (BufferedInputStream); line: 6, column: 20] (through reference chain: com.imm.framework.services.ApiObjectModel["actions"]->java.util.HashMap["getToken"]->com.imm.framework.services.ApiActionModel["formalParams"])
2020-12-29 22:02:35 INFO  ApiObjectModel:36 - 从services/resources/api/department_api.yaml加载ApiObjectModel对象失败: com.fasterxml.jackson.databind.exc.UnrecognizedPropertyException: Unrecognized field "formalParams" (class com.imm.framework.services.ApiActionModel), not marked as ignorable (0 known properties: ])
 at [Source: (BufferedInputStream); line: 6, column: 20] (through reference chain: com.imm.framework.services.ApiObjectModel["actions"]->java.util.HashMap["createDepartment"]->com.imm.framework.services.ApiActionModel["formalParams"])
2020-12-29 22:03:19 INFO  ApiObjectModel:36 - 从services/resources/api/tokenhelper_api.yaml加载ApiObjectModel对象失败: com.fasterxml.jackson.databind.exc.UnrecognizedPropertyException: Unrecognized field "formalParams" (class com.imm.framework.services.ApiActionModel), not marked as ignorable (0 known properties: ])
 at [Source: (BufferedInputStream); line: 6, column: 20] (through reference chain: com.imm.framework.services.ApiObjectModel["actions"]->java.util.HashMap["getToken"]->com.imm.framework.services.ApiActionModel["formalParams"])
2020-12-29 22:04:27 INFO  ApiObjectModel:36 - 从services/resources/api/department2_api.yaml加载ApiObjectModel对象失败: com.fasterxml.jackson.databind.exc.UnrecognizedPropertyException: Unrecognized field "formalParams" (class com.imm.framework.services.ApiActionModel), not marked as ignorable (0 known properties: ])
 at [Source: (BufferedInputStream); line: 6, column: 20] (through reference chain: com.imm.framework.services.ApiObjectModel["actions"]->java.util.HashMap["createDepartment"]->com.imm.framework.services.ApiActionModel["formalParams"])
2020-12-29 22:04:27 INFO  ApiObjectModel:36 - 从services/resources/api/tokenhelper_api.yaml加载ApiObjectModel对象失败: com.fasterxml.jackson.databind.exc.UnrecognizedPropertyException: Unrecognized field "formalParams" (class com.imm.framework.services.ApiActionModel), not marked as ignorable (0 known properties: ])
 at [Source: (BufferedInputStream); line: 6, column: 20] (through reference chain: com.imm.framework.services.ApiObjectModel["actions"]->java.util.HashMap["getToken"]->com.imm.framework.services.ApiActionModel["formalParams"])
2020-12-29 22:06:06 INFO  ApiObjectModel:36 - 从services/resources/api/department_api.yaml加载ApiObjectModel对象失败: com.fasterxml.jackson.databind.exc.UnrecognizedPropertyException: Unrecognized field "formalParams" (class com.imm.framework.services.ApiActionModel), not marked as ignorable (0 known properties: ])
 at [Source: (BufferedInputStream); line: 6, column: 20] (through reference chain: com.imm.framework.services.ApiObjectModel["actions"]->java.util.HashMap["createDepartment"]->com.imm.framework.services.ApiActionModel["formalParams"])
2020-12-29 22:06:06 INFO  ApiObjectModel:36 - 从services/resources/api/tokenhelper_api.yaml加载ApiObjectModel对象失败: com.fasterxml.jackson.databind.exc.UnrecognizedPropertyException: Unrecognized field "formalParams" (class com.imm.framework.services.ApiActionModel), not marked as ignorable (0 known properties: ])
 at [Source: (BufferedInputStream); line: 6, column: 20] (through reference chain: com.imm.framework.services.ApiObjectModel["actions"]->java.util.HashMap["getToken"]->com.imm.framework.services.ApiActionModel["formalParams"])
2020-12-29 22:10:24 INFO  ApiObjectModel:36 - 从services/resources/api/department_api.yaml加载ApiObjectModel对象失败: com.fasterxml.jackson.databind.exc.UnrecognizedPropertyException: Unrecognized field "formalParams" (class com.imm.framework.services.ApiActionModel), not marked as ignorable (0 known properties: ])
 at [Source: (BufferedInputStream); line: 6, column: 23] (through reference chain: com.imm.framework.services.ApiObjectModel["actions"]->java.util.HashMap["createDepartment"]->com.imm.framework.services.ApiActionModel["formalParams"])
2020-12-29 22:10:24 INFO  ApiObjectModel:36 - 从services/resources/api/tokenhelper_api.yaml加载ApiObjectModel对象失败: com.fasterxml.jackson.databind.exc.UnrecognizedPropertyException: Unrecognized field "formalParams" (class com.imm.framework.services.ApiActionModel), not marked as ignorable (0 known properties: ])
 at [Source: (BufferedInputStream); line: 6, column: 20] (through reference chain: com.imm.framework.services.ApiObjectModel["actions"]->java.util.HashMap["getToken"]->com.imm.framework.services.ApiActionModel["formalParams"])
2020-12-29 22:11:06 INFO  ApiObjectModel:36 - 从services/resources/api/department_api.yaml加载ApiObjectModel对象失败: com.fasterxml.jackson.databind.exc.UnrecognizedPropertyException: Unrecognized field "formalParams" (class com.imm.framework.services.ApiActionModel), not marked as ignorable (0 known properties: ])
 at [Source: (BufferedInputStream); line: 7, column: 8] (through reference chain: com.imm.framework.services.ApiObjectModel["actions"]->java.util.HashMap["createDepartment"]->com.imm.framework.services.ApiActionModel["formalParams"])
2020-12-29 22:11:06 INFO  ApiObjectModel:36 - 从services/resources/api/tokenhelper_api.yaml加载ApiObjectModel对象失败: com.fasterxml.jackson.databind.exc.UnrecognizedPropertyException: Unrecognized field "formalParams" (class com.imm.framework.services.ApiActionModel), not marked as ignorable (0 known properties: ])
 at [Source: (BufferedInputStream); line: 6, column: 20] (through reference chain: com.imm.framework.services.ApiObjectModel["actions"]->java.util.HashMap["getToken"]->com.imm.framework.services.ApiActionModel["formalParams"])
2020-12-29 22:11:18 INFO  ApiObjectModel:36 - 从services/resources/api/department_api.yaml加载ApiObjectModel对象失败: com.fasterxml.jackson.databind.exc.UnrecognizedPropertyException: Unrecognized field "formalParams" (class com.imm.framework.services.ApiActionModel), not marked as ignorable (0 known properties: ])
 at [Source: (BufferedInputStream); line: 6, column: 20] (through reference chain: com.imm.framework.services.ApiObjectModel["actions"]->java.util.HashMap["createDepartment"]->com.imm.framework.services.ApiActionModel["formalParams"])
2020-12-29 22:11:18 INFO  ApiObjectModel:36 - 从services/resources/api/tokenhelper_api.yaml加载ApiObjectModel对象失败: com.fasterxml.jackson.databind.exc.UnrecognizedPropertyException: Unrecognized field "formalParams" (class com.imm.framework.services.ApiActionModel), not marked as ignorable (0 known properties: ])
 at [Source: (BufferedInputStream); line: 6, column: 20] (through reference chain: com.imm.framework.services.ApiObjectModel["actions"]->java.util.HashMap["getToken"]->com.imm.framework.services.ApiActionModel["formalParams"])
2020-12-29 22:12:05 INFO  ApiObjectModel:36 - 从services/resources/api/department_api.yaml加载ApiObjectModel对象失败: com.fasterxml.jackson.databind.exc.UnrecognizedPropertyException: Unrecognized field "formalParams" (class com.imm.framework.services.ApiActionModel), not marked as ignorable (0 known properties: ])
 at [Source: (BufferedInputStream); line: 6, column: 20] (through reference chain: com.imm.framework.services.ApiObjectModel["actions"]->java.util.HashMap["createDepartment"]->com.imm.framework.services.ApiActionModel["formalParams"])
2020-12-29 22:12:05 INFO  ApiObjectModel:36 - 从services/resources/api/tokenhelper_api.yaml加载ApiObjectModel对象失败: com.fasterxml.jackson.databind.exc.UnrecognizedPropertyException: Unrecognized field "formalParams" (class com.imm.framework.services.ApiActionModel), not marked as ignorable (0 known properties: ])
 at [Source: (BufferedInputStream); line: 6, column: 20] (through reference chain: com.imm.framework.services.ApiObjectModel["actions"]->java.util.HashMap["getToken"]->com.imm.framework.services.ApiActionModel["formalParams"])
2020-12-29 22:14:59 INFO  ApiObjectModel:36 - 从services/resources/api/department_api.yaml加载ApiObjectModel对象失败: com.fasterxml.jackson.databind.exc.UnrecognizedPropertyException: Unrecognized field "formalParams" (class com.imm.framework.services.ApiActionModel), not marked as ignorable (0 known properties: ])
 at [Source: (BufferedInputStream); line: 6, column: 20] (through reference chain: com.imm.framework.services.ApiObjectModel["actions"]->java.util.HashMap["createDepartment"]->com.imm.framework.services.ApiActionModel["formalParams"])
2020-12-29 22:14:59 INFO  ApiObjectModel:36 - 从services/resources/api/tokenhelper_api.yaml加载ApiObjectModel对象失败: com.fasterxml.jackson.databind.exc.UnrecognizedPropertyException: Unrecognized field "formalParams" (class com.imm.framework.services.ApiActionModel), not marked as ignorable (0 known properties: ])
 at [Source: (BufferedInputStream); line: 6, column: 20] (through reference chain: com.imm.framework.services.ApiObjectModel["actions"]->java.util.HashMap["getToken"]->com.imm.framework.services.ApiActionModel["formalParams"])
2020-12-29 22:16:42 INFO  ApiObjectModel:36 - 从services/resources/api/department_api.yaml加载ApiObjectModel对象失败: com.fasterxml.jackson.databind.exc.UnrecognizedPropertyException: Unrecognized field "formalParams" (class com.imm.framework.services.ApiActionModel), not marked as ignorable (0 known properties: ])
 at [Source: (BufferedInputStream); line: 6, column: 20] (through reference chain: com.imm.framework.services.ApiObjectModel["actions"]->java.util.HashMap["createDepartment"]->com.imm.framework.services.ApiActionModel["formalParams"])
2020-12-29 22:16:42 INFO  ApiObjectModel:36 - 从services/resources/api/tokenhelper_api.yaml加载ApiObjectModel对象失败: com.fasterxml.jackson.databind.exc.UnrecognizedPropertyException: Unrecognized field "formalParams" (class com.imm.framework.services.ApiActionModel), not marked as ignorable (0 known properties: ])
 at [Source: (BufferedInputStream); line: 6, column: 20] (through reference chain: com.imm.framework.services.ApiObjectModel["actions"]->java.util.HashMap["getToken"]->com.imm.framework.services.ApiActionModel["formalParams"])
2020-12-29 22:24:38 INFO  ApiObjectModel:36 - 从services/resources/api/department_api.yaml加载ApiObjectModel对象失败: com.fasterxml.jackson.databind.exc.UnrecognizedPropertyException: Unrecognized field "formalParam" (class com.imm.framework.services.ApiActionModel), not marked as ignorable (0 known properties: ])
 at [Source: (BufferedInputStream); line: 6, column: 19] (through reference chain: com.imm.framework.services.ApiObjectModel["actions"]->java.util.HashMap["createDepartment"]->com.imm.framework.services.ApiActionModel["formalParam"])
2020-12-29 22:25:18 INFO  ApiObjectModel:36 - 从services/resources/api/department_api.yaml加载ApiObjectModel对象失败: com.fasterxml.jackson.databind.exc.UnrecognizedPropertyException: Unrecognized field "formalParams" (class com.imm.framework.services.ApiActionModel), not marked as ignorable (0 known properties: ])
 at [Source: (BufferedInputStream); line: 6, column: 20] (through reference chain: com.imm.framework.services.ApiObjectModel["actions"]->java.util.HashMap["createDepartment"]->com.imm.framework.services.ApiActionModel["formalParams"])
2020-12-29 22:26:42 INFO  ApiObjectModel:36 - 从services/resources/api/department_api.yaml加载ApiObjectModel对象失败: com.fasterxml.jackson.databind.exc.UnrecognizedPropertyException: Unrecognized field "formalParams" (class com.imm.framework.services.ApiActionModel), not marked as ignorable (0 known properties: ])
 at [Source: (BufferedInputStream); line: 6, column: 20] (through reference chain: com.imm.framework.services.ApiObjectModel["actions"]->java.util.HashMap["createDepartment"]->com.imm.framework.services.ApiActionModel["formalParams"])
2020-12-29 22:27:36 INFO  ApiObjectModel:36 - 从services/resources/api/department_api.yaml加载ApiObjectModel对象失败: com.fasterxml.jackson.databind.exc.UnrecognizedPropertyException: Unrecognized field "formalParams" (class com.imm.framework.services.ApiActionModel), not marked as ignorable (0 known properties: ])
 at [Source: (BufferedInputStream); line: 6, column: 20] (through reference chain: com.imm.framework.services.ApiObjectModel["actions"]->java.util.HashMap["createDepartment"]->com.imm.framework.services.ApiActionModel["formalParams"])
2020-12-30 08:42:58 INFO  ApiObjectModel:36 - 从services/resources/api/department_api.yaml加载ApiObjectModel对象失败: com.fasterxml.jackson.databind.exc.UnrecognizedPropertyException: Unrecognized field "formalParams" (class com.imm.framework.services.ApiActionModel), not marked as ignorable (0 known properties: ])
 at [Source: (BufferedInputStream); line: 6, column: 25] (through reference chain: com.imm.framework.services.ApiObjectModel["actions"]->java.util.HashMap["createDepartment"]->com.imm.framework.services.ApiActionModel["formalParams"])
2020-12-30 08:43:28 INFO  ApiObjectModel:36 - 从services/resources/api/department_api.yaml加载ApiObjectModel对象失败: com.fasterxml.jackson.databind.exc.UnrecognizedPropertyException: Unrecognized field "formalParams" (class com.imm.framework.services.ApiActionModel), not marked as ignorable (0 known properties: ])
 at [Source: (BufferedInputStream); line: 7, column: 7] (through reference chain: com.imm.framework.services.ApiObjectModel["actions"]->java.util.HashMap["createDepartment"]->com.imm.framework.services.ApiActionModel["formalParams"])
2020-12-30 08:43:52 INFO  ApiObjectModel:36 - 从services/resources/api/department_api.yaml加载ApiObjectModel对象失败: com.fasterxml.jackson.databind.exc.UnrecognizedPropertyException: Unrecognized field "formalParams" (class com.imm.framework.services.ApiActionModel), not marked as ignorable (0 known properties: ])
 at [Source: (BufferedInputStream); line: 6, column: 20] (through reference chain: com.imm.framework.services.ApiObjectModel["actions"]->java.util.HashMap["createDepartment"]->com.imm.framework.services.ApiActionModel["formalParams"])
2020-12-30 08:44:35 INFO  ApiObjectModel:36 - 从services/resources/api/department_api.yaml加载ApiObjectModel对象失败: com.fasterxml.jackson.databind.exc.UnrecognizedPropertyException: Unrecognized field "formalParams" (class com.imm.framework.services.ApiActionModel), not marked as ignorable (0 known properties: ])
 at [Source: (BufferedInputStream); line: 6, column: 20] (through reference chain: com.imm.framework.services.ApiObjectModel["actions"]->java.util.HashMap["createDepartment"]->com.imm.framework.services.ApiActionModel["formalParams"])
2020-12-30 08:47:43 INFO  ApiObjectModel:36 - 从services/resources/api/department_api.yaml加载ApiObjectModel对象失败: com.fasterxml.jackson.databind.exc.UnrecognizedPropertyException: Unrecognized field "formalParams" (class com.imm.framework.services.ApiActionModel), not marked as ignorable (0 known properties: ])
 at [Source: (BufferedInputStream); line: 6, column: 20] (through reference chain: com.imm.framework.services.ApiObjectModel["actions"]->java.util.HashMap["createDepartment"]->com.imm.framework.services.ApiActionModel["formalParams"])
2020-12-30 08:49:13 INFO  ApiObjectModel:36 - 从services/resources/api/department_api.yaml加载ApiObjectModel对象失败: com.fasterxml.jackson.databind.exc.UnrecognizedPropertyException: Unrecognized field "formalParams" (class com.imm.framework.services.ApiActionModel), not marked as ignorable (0 known properties: ])
 at [Source: (BufferedInputStream); line: 6, column: 20] (through reference chain: com.imm.framework.services.ApiObjectModel["actions"]->java.util.HashMap["createDepartment"]->com.imm.framework.services.ApiActionModel["formalParams"])
2020-12-30 08:52:21 INFO  ApiObjectModel:36 - 从services/resources/api/department_api.yaml加载ApiObjectModel对象失败: com.fasterxml.jackson.databind.exc.UnrecognizedPropertyException: Unrecognized field "formalParams" (class com.imm.framework.services.ApiActionModel), not marked as ignorable (0 known properties: ])
 at [Source: (BufferedInputStream); line: 6, column: 20] (through reference chain: com.imm.framework.services.ApiObjectModel["actions"]->java.util.HashMap["createDepartment"]->com.imm.framework.services.ApiActionModel["formalParams"])
2020-12-30 12:44:22 INFO  ApiObjectModel:36 - 从services/resources/api/department_api.yaml加载ApiObjectModel对象失败: com.fasterxml.jackson.databind.exc.UnrecognizedPropertyException: Unrecognized field "formalParams" (class com.imm.framework.services.ApiActionModel), not marked as ignorable (0 known properties: ])
 at [Source: (BufferedInputStream); line: 6, column: 20] (through reference chain: com.imm.framework.services.ApiObjectModel["actions"]->java.util.HashMap["createDepartment"]->com.imm.framework.services.ApiActionModel["formalParams"])
2020-12-30 13:00:55 INFO  ApiObjectModel:36 - 从services/resources/api/department_api.yaml加载ApiObjectModel对象失败: com.fasterxml.jackson.databind.exc.UnrecognizedPropertyException: Unrecognized field "headers" (class com.imm.framework.services.ApiActionModel), not marked as ignorable (0 known properties: ])
 at [Source: (BufferedInputStream); line: 8, column: 7] (through reference chain: com.imm.framework.services.ApiObjectModel["actions"]->java.util.HashMap["createDepartment"]->com.imm.framework.services.ApiActionModel["headers"])
2020-12-30 13:01:55 INFO  ApiObjectModel:36 - 从services/resources/api/department_api.yaml加载ApiObjectModel对象失败: com.fasterxml.jackson.databind.exc.UnrecognizedPropertyException: Unrecognized field "formalParams" (class com.imm.framework.services.ApiActionModel), not marked as ignorable (0 known properties: ])
 at [Source: (BufferedInputStream); line: 6, column: 20] (through reference chain: com.imm.framework.services.ApiObjectModel["actions"]->java.util.HashMap["createDepartment"]->com.imm.framework.services.ApiActionModel["formalParams"])
2020-12-30 13:05:26 INFO  ApiObjectModel:36 - 从services/resources/api/department_api.yaml加载ApiObjectModel对象失败: com.fasterxml.jackson.databind.exc.UnrecognizedPropertyException: Unrecognized field "formalParams" (class com.imm.framework.services.ApiActionModel), not marked as ignorable (0 known properties: ])
 at [Source: (BufferedInputStream); line: 6, column: 20] (through reference chain: com.imm.framework.services.ApiObjectModel["actions"]->java.util.HashMap["createDepartment"]->com.imm.framework.services.ApiActionModel["formalParams"])
2020-12-30 13:07:23 INFO  ApiObjectModel:36 - 从services/resources/api/department_api.yaml加载ApiObjectModel对象失败: com.fasterxml.jackson.databind.exc.UnrecognizedPropertyException: Unrecognized field "formalParams" (class com.imm.framework.services.ApiActionModel), not marked as ignorable (0 known properties: ])
 at [Source: (BufferedInputStream); line: 6, column: 20] (through reference chain: com.imm.framework.services.ApiObjectModel["actions"]->java.util.HashMap["createDepartment"]->com.imm.framework.services.ApiActionModel["formalParams"])
2020-12-30 13:08:12 INFO  ApiObjectModel:36 - 从services/resources/api/department_api.yaml加载ApiObjectModel对象失败: com.fasterxml.jackson.databind.exc.UnrecognizedPropertyException: Unrecognized field "formalParams" (class com.imm.framework.services.ApiActionModel), not marked as ignorable (0 known properties: ])
 at [Source: (BufferedInputStream); line: 6, column: 20] (through reference chain: com.imm.framework.services.ApiObjectModel["actions"]->java.util.HashMap["createDepartment"]->com.imm.framework.services.ApiActionModel["formalParams"])
2020-12-30 13:09:23 INFO  ApiObjectModel:36 - 从services/resources/api/department_api.yaml加载ApiObjectModel对象失败: com.fasterxml.jackson.databind.exc.UnrecognizedPropertyException: Unrecognized field "formalParams" (class com.imm.framework.services.ApiActionModel), not marked as ignorable (0 known properties: ])
 at [Source: (BufferedInputStream); line: 6, column: 20] (through reference chain: com.imm.framework.services.ApiObjectModel["actions"]->java.util.HashMap["createDepartment"]->com.imm.framework.services.ApiActionModel["formalParams"])
2020-12-30 13:25:52 INFO  ApiObjectModel:36 - 从services/resources/api/department_api.yaml加载ApiObjectModel对象失败: com.fasterxml.jackson.databind.exc.UnrecognizedPropertyException: Unrecognized field "formalParams" (class com.imm.framework.services.ApiActionModel), not marked as ignorable (0 known properties: ])
 at [Source: (BufferedInputStream); line: 6, column: 20] (through reference chain: com.imm.framework.services.ApiObjectModel["actions"]->java.util.HashMap["createDepartment"]->com.imm.framework.services.ApiActionModel["formalParams"])
2020-12-30 15:18:08 INFO  ApiObjectModel:36 - 从services/resources/api/department_api.yaml加载ApiObjectModel对象失败: com.fasterxml.jackson.databind.exc.UnrecognizedPropertyException: Unrecognized field "formalParams" (class com.imm.framework.services.ApiActionModel), not marked as ignorable (0 known properties: ])
 at [Source: (BufferedInputStream); line: 6, column: 20] (through reference chain: com.imm.framework.services.ApiObjectModel["actions"]->java.util.HashMap["createDepartment"]->com.imm.framework.services.ApiActionModel["formalParams"])
2020-12-30 15:22:19 INFO  ApiObjectModel:36 - 从services/resources/api/department_api.yaml加载ApiObjectModel对象失败: com.fasterxml.jackson.databind.exc.UnrecognizedPropertyException: Unrecognized field "formalParams" (class com.imm.framework.services.ApiActionModel), not marked as ignorable (0 known properties: ])
 at [Source: (BufferedInputStream); line: 6, column: 20] (through reference chain: com.imm.framework.services.ApiObjectModel["actions"]->java.util.HashMap["createDepartment"]->com.imm.framework.services.ApiActionModel["formalParams"])
2020-12-30 15:59:07 INFO  ApiObjectModel:36 - 从services/resources/api/department_api.yaml加载ApiObjectModel对象失败: com.fasterxml.jackson.databind.exc.UnrecognizedPropertyException: Unrecognized field "formalParams" (class com.imm.framework.services.ApiActionModel), not marked as ignorable (0 known properties: ])
 at [Source: (BufferedInputStream); line: 6, column: 20] (through reference chain: com.imm.framework.services.ApiObjectModel["actions"]->java.util.HashMap["createDepartment"]->com.imm.framework.services.ApiActionModel["formalParams"])
2020-12-30 16:03:30 INFO  ApiObjectModel:36 - 从services/resources/api/department_api.yaml加载ApiObjectModel对象失败: com.fasterxml.jackson.databind.exc.UnrecognizedPropertyException: Unrecognized field "formalParams" (class com.imm.framework.services.ApiActionModel), not marked as ignorable (0 known properties: ])
 at [Source: (URL); line: 6, column: 20] (through reference chain: com.imm.framework.services.ApiObjectModel["actions"]->java.util.HashMap["createDepartment"]->com.imm.framework.services.ApiActionModel["formalParams"])
2020-12-30 16:07:10 INFO  ApiObjectModel:36 - 从services/resources/api/department_api.yaml加载ApiObjectModel对象失败: com.fasterxml.jackson.databind.exc.UnrecognizedPropertyException: Unrecognized field "body" (class com.imm.framework.services.ApiActionModel), not marked as ignorable (0 known properties: ])
 at [Source: (URL); line: 9, column: 70] (through reference chain: com.imm.framework.services.ApiObjectModel["actions"]->java.util.HashMap["createDepartment"]->com.imm.framework.services.ApiActionModel["body"])
2020-12-30 16:08:01 INFO  ApiObjectModel:36 - 从services/resources/api/department_api.yaml加载ApiObjectModel对象失败: com.fasterxml.jackson.databind.exc.UnrecognizedPropertyException: Unrecognized field "formalParams" (class com.imm.framework.services.ApiActionModel), not marked as ignorable (0 known properties: ])
 at [Source: (URL); line: 12, column: 20] (through reference chain: com.imm.framework.services.ApiObjectModel["actions"]->java.util.HashMap["updateDepartment"]->com.imm.framework.services.ApiActionModel["formalParams"])
2020-12-30 16:08:20 INFO  ApiObjectModel:36 - 从services/resources/api/department_api.yaml加载ApiObjectModel对象失败: com.fasterxml.jackson.databind.exc.UnrecognizedPropertyException: Unrecognized field "formalParams" (class com.imm.framework.services.ApiActionModel), not marked as ignorable (0 known properties: ])
 at [Source: (URL); line: 6, column: 20] (through reference chain: com.imm.framework.services.ApiObjectModel["actions"]->java.util.HashMap["createDepartment"]->com.imm.framework.services.ApiActionModel["formalParams"])
2020-12-30 16:20:56 INFO  ApiObjectModel:36 - 从services/resources/api/department_api.yaml加载ApiObjectModel对象失败: com.fasterxml.jackson.databind.exc.UnrecognizedPropertyException: Unrecognized field "formalParams" (class com.imm.framework.services.ApiActionModel), not marked as ignorable (0 known properties: ])
 at [Source: (URL); line: 6, column: 20] (through reference chain: com.imm.framework.services.ApiObjectModel["actions"]->java.util.HashMap["createDepartment"]->com.imm.framework.services.ApiActionModel["formalParams"])
2020-12-30 16:24:07 INFO  ApiObjectModel:36 - 从services/resources/api/department_api.yaml加载ApiObjectModel对象失败: com.fasterxml.jackson.databind.exc.UnrecognizedPropertyException: Unrecognized field "formalParams" (class com.imm.framework.services.ApiActionModel), not marked as ignorable (0 known properties: ])
 at [Source: (URL); line: 6, column: 20] (through reference chain: com.imm.framework.services.ApiObjectModel["actions"]->java.util.HashMap["createDepartment"]->com.imm.framework.services.ApiActionModel["formalParams"])
2020-12-30 16:27:19 INFO  ApiObjectModel:36 - 从services/resources/api/department_api.yaml加载ApiObjectModel对象失败: com.fasterxml.jackson.databind.exc.UnrecognizedPropertyException: Unrecognized field "formalParams" (class com.imm.framework.services.ApiActionModel), not marked as ignorable (0 known properties: ])
 at [Source: (URL); line: 6, column: 20] (through reference chain: com.imm.framework.services.ApiObjectModel["actions"]->java.util.HashMap["createDepartment"]->com.imm.framework.services.ApiActionModel["formalParams"])
2020-12-30 16:30:18 INFO  ApiObjectModel:36 - 从services/resources/api/department_api.yaml加载ApiObjectModel对象失败: com.fasterxml.jackson.databind.exc.UnrecognizedPropertyException: Unrecognized field "formalParams" (class com.imm.framework.services.ApiActionModel), not marked as ignorable (0 known properties: ])
 at [Source: (URL); line: 6, column: 20] (through reference chain: com.imm.framework.services.ApiObjectModel["actions"]->java.util.HashMap["createDepartment"]->com.imm.framework.services.ApiActionModel["formalParams"])
2020-12-30 16:33:20 INFO  ApiObjectModel:36 - 从services/resources/api/department_api.yaml加载ApiObjectModel对象失败: com.fasterxml.jackson.databind.exc.UnrecognizedPropertyException: Unrecognized field "formalParams" (class com.imm.framework.services.ApiActionModel), not marked as ignorable (0 known properties: ])
 at [Source: (URL); line: 6, column: 20] (through reference chain: com.imm.framework.services.ApiObjectModel["actions"]->java.util.HashMap["createDepartment"]->com.imm.framework.services.ApiActionModel["formalParams"])
2020-12-30 16:37:10 INFO  ApiObjectModel:36 - 从services/resources/api/department_api.yaml加载ApiObjectModel对象失败: com.fasterxml.jackson.databind.exc.UnrecognizedPropertyException: Unrecognized field "formalParams" (class com.imm.framework.services.ApiActionModel), not marked as ignorable (0 known properties: ])
 at [Source: (URL); line: 6, column: 20] (through reference chain: com.imm.framework.services.ApiObjectModel["actions"]->java.util.HashMap["createDepartment"]->com.imm.framework.services.ApiActionModel["formalParams"])
2020-12-30 16:38:09 INFO  ApiObjectModel:36 - 从services/resources/api/department_api.yaml加载ApiObjectModel对象失败: com.fasterxml.jackson.databind.exc.UnrecognizedPropertyException: Unrecognized field "headers" (class com.imm.framework.services.ApiActionModel), not marked as ignorable (0 known properties: ])
 at [Source: (URL); line: 8, column: 7] (through reference chain: com.imm.framework.services.ApiObjectModel["actions"]->java.util.HashMap["createDepartment"]->com.imm.framework.services.ApiActionModel["headers"])
2020-12-30 16:38:25 INFO  ApiObjectModel:36 - 从services/resources/api/department_api.yaml加载ApiObjectModel对象失败: com.fasterxml.jackson.databind.exc.UnrecognizedPropertyException: Unrecognized field "formalParams" (class com.imm.framework.services.ApiActionModel), not marked as ignorable (0 known properties: ])
 at [Source: (URL); line: 6, column: 20] (through reference chain: com.imm.framework.services.ApiObjectModel["actions"]->java.util.HashMap["createDepartment"]->com.imm.framework.services.ApiActionModel["formalParams"])
2020-12-30 16:41:47 INFO  ApiObjectModel:36 - 从services/resources/api/department_api.yaml加载ApiObjectModel对象失败: com.fasterxml.jackson.databind.exc.MismatchedInputException: Cannot deserialize instance of `java.util.HashMap<java.lang.String,com.imm.framework.services.ApiActionModel>` out of START_ARRAY token
 at [Source: (URL); line: 5, column: 5] (through reference chain: com.imm.framework.services.ApiObjectModel["actions"])
2020-12-30 16:42:28 INFO  ApiObjectModel:36 - 从services/resources/api/department_api.yaml加载ApiObjectModel对象失败: com.fasterxml.jackson.databind.exc.MismatchedInputException: Cannot deserialize instance of `java.util.HashMap<java.lang.String,com.imm.framework.services.ApiActionModel>` out of START_ARRAY token
 at [Source: (URL); line: 5, column: 5] (through reference chain: com.imm.framework.services.ApiObjectModel["actions"])
2020-12-30 16:46:02 INFO  ApiObjectModel:36 - 从services/resources/api/department_api.yaml加载ApiObjectModel对象失败: com.fasterxml.jackson.databind.exc.UnrecognizedPropertyException: Unrecognized field "formalParams" (class com.imm.framework.services.ApiActionModel), not marked as ignorable (0 known properties: ])
 at [Source: (URL); line: 6, column: 20] (through reference chain: com.imm.framework.services.ApiObjectModel["actions"]->java.util.HashMap["createDepartment"]->com.imm.framework.services.ApiActionModel["formalParams"])
2020-12-30 16:58:11 INFO  ApiObjectModel:36 - 从services/resources/api/department_api.yaml加载ApiObjectModel对象失败: com.fasterxml.jackson.databind.exc.UnrecognizedPropertyException: Unrecognized field "formalParams" (class com.imm.framework.services.ApiActionModel), not marked as ignorable (0 known properties: ])
 at [Source: (URL); line: 6, column: 20] (through reference chain: com.imm.framework.services.ApiObjectModel["actions"]->java.util.HashMap["createDepartment"]->com.imm.framework.services.ApiActionModel["formalParams"])
